[www.aircarecoolingandexhaust.com/index.html]
[backblue.gif]
[fade.gif]
[index.html]
[tiimg.tistatic.com/catalogs/template99480/send_email.gif]
[tiimg.tistatic.com/catalogs/template99480/cate-icon.png]
[tiimg.tistatic.com/catalogs/template99480/enquiry_bg_hover.jpg]
[tiimg.tistatic.com/catalogs/template99480/enquiry_bg.jpg]
[tiimg.tistatic.com/catalogs/template99480/lang-arrow.png]
[tiimg.tistatic.com/catalogs/template99480/bullet.png]
[tiimg.tistatic.com/catalogs/template99480/call_me.gif]
[tiimg.tistatic.com/catalogs/template99480/close_icon.png]
[tiimg.tistatic.com/catalogs/template99480/floating-bg.jpg]
[st.tistatic.com/ver9334/js/utils/jquery.js]
[st.tistatic.com/ver9334/js/utils/jquery-ui/css/sunny/jquery_ui_sunny.css]
[st.tistatic.com/ver9334/css/tradeindia/design2017/intlTelInput.css]
[st.tistatic.com/ver9334/js/mobile_site/search.js]
[st.tistatic.com/ver9334/js/utils/jquery-ui/js/jquery_ui_main.js]
[st.tistatic.com/ver9334/bower_components/jquery-ui/themes/smoothness/jquery-ui.min.css]
[st.tistatic.com/ver9334/css/catalog/slick.css]
[st.tistatic.com/ver9334/js/catalog/slick.min.js]
[www.phonon.in/C4C/closeButton1.11.delayed]
[www.google-analytics.com/analytics.js]
[tiimg.tistatic.com/catalogs/template99480/mob-icon.png]
[tiimg.tistatic.com/images/l/1/logo_112235.jpg]
[www.aircarecoolingandexhaust.com/company-profile.html]
[www.aircarecoolingandexhaust.com/products.html]
[www.aircarecoolingandexhaust.com/aluminum-powder-coated-air-grill-5907668.html]
[www.aircarecoolingandexhaust.com/axial-flow-fan-5907672.html]
[www.aircarecoolingandexhaust.com/air-blower.html]
[www.aircarecoolingandexhaust.com/industrial-air-blower-5907676.html]
[www.aircarecoolingandexhaust.com/centrifugal-air-blower-5907675.html]
[www.aircarecoolingandexhaust.com/industrial-ducts.html]
[www.aircarecoolingandexhaust.com/galvanized-iron-duct-5907680.html]
[www.aircarecoolingandexhaust.com/kitchen-chimney-exhaust-duct-5907683.html]
[www.aircarecoolingandexhaust.com/kitchen-exhaust-duct-5907684.html]
[www.aircarecoolingandexhaust.com/commercial-air-cooler-duct-5907677.html]
[www.aircarecoolingandexhaust.com/hvac-duct-5907681.html]
[www.aircarecoolingandexhaust.com/spiral-duct-5907688.html]
[www.aircarecoolingandexhaust.com/heat-exhaust-duct-5907682.html]
[www.aircarecoolingandexhaust.com/commercial-gi-duct-5907678.html]
[www.aircarecoolingandexhaust.com/steel-air-duct-5907689.html]
[www.aircarecoolingandexhaust.com/exhaust-duct-5907679.html]
[www.aircarecoolingandexhaust.com/ms-air-duct-5907685.html]
[www.aircarecoolingandexhaust.com/prefabricated-duct-5907686.html]
[www.aircarecoolingandexhaust.com/round-duct-5907687.html]
[www.aircarecoolingandexhaust.com/air-ventilator.html]
[www.aircarecoolingandexhaust.com/galvanized-kitchen-exhaust-hood-5907714.html]
[www.aircarecoolingandexhaust.com/kitchen-exhaust-hood-5907715.html]
[www.aircarecoolingandexhaust.com/commercial-kitchen-chimney-5907718.html]
[www.aircarecoolingandexhaust.com/gravity-louvers-5907719.html]
[www.aircarecoolingandexhaust.com/hot-thermal-insulation-and-cladding-5907721.html]
[www.aircarecoolingandexhaust.com/industrial-scrubber-and-fume-system-5907722.html]
[www.aircarecoolingandexhaust.com/industrial-round-diffuser-5907723.html]
[www.aircarecoolingandexhaust.com/industrial-tdf.html]
[www.aircarecoolingandexhaust.com/tdf-cleat-5907724.html]
[www.aircarecoolingandexhaust.com/tdf-corner-5907725.html]
[www.aircarecoolingandexhaust.com/air-cooling-washer-5907728.html]
[www.aircarecoolingandexhaust.com/kitchen-ventilation-system.html]
[www.aircarecoolingandexhaust.com/galvanized-kitchen-exhaust-hood-5907711.html]
[cpimg.tistatic.com/112235/4/template_photo_11.jpg]
[www.aircarecoolingandexhaust.com/kitchen-exhaust-hood-5907712.html]
[www.aircarecoolingandexhaust.com/commercial-kitchen-chimney-5907713.html]
[www.aircarecoolingandexhaust.com/contact-us.html]
[tiimg.tistatic.com/catalogs/template99480/go.png]
[cpimg.tistatic.com/112235/4/template_photo_12.jpg]
[cpimg.tistatic.com/112235/4/template_photo_13.jpg]
[cpimg.tistatic.com/112235/4/template_photo_14.jpg]
[cpimg.tistatic.com/112235/4/template_photo_15.jpg]
[cpimg.tistatic.com/05907672/b/4/Axial-Flow-Fan.jpg]
[cpimg.tistatic.com/05907688/b/4/Spiral-Duct.jpg]
[www.aircarecoolingandexhaust.com/contact-uscbef.html]
[cpimg.tistatic.com/05907677/b/4/Commercial-Air-Cooler-Duct.jpg]
[www.aircarecoolingandexhaust.com/contact-us2c03.html]
[cpimg.tistatic.com/05907684/b/4/Kitchen-Exhaust-Duct.jpg]
[www.aircarecoolingandexhaust.com/contact-us2e73.html]
[st.tistatic.com/ver9334/js/utils/jquery.simplyscroll.js]
[cpimg.tistatic.com/05907668/s/4/Aluminum-Powder-Coated-Air-Grill.jpg]
[www.aircarecoolingandexhaust.com/contact-us34c4.html]
[cpimg.tistatic.com/05907672/s/4/Axial-Flow-Fan.jpg]
[cpimg.tistatic.com/05907675/s/4/Centrifugal-Air-Blower.jpg]
[cpimg.tistatic.com/05907676/s/4/Industrial-Air-Blower.jpg]
[cpimg.tistatic.com/05907687/s/4/Round-Duct.jpg]
[cpimg.tistatic.com/05907677/s/4/Commercial-Air-Cooler-Duct.jpg]
[cpimg.tistatic.com/05907679/s/4/Exhaust-Duct.jpg]
[cpimg.tistatic.com/05907682/s/4/Heat-Exhaust-Duct.jpg]
[cpimg.tistatic.com/05907718/s/4/Commercial-Kitchen-Chimney.jpg]
[cpimg.tistatic.com/05907715/s/4/Kitchen-Exhaust-Hood.jpg]
[cpimg.tistatic.com/05907714/s/4/Galvanized-Kitchen-Exhaust-Hood.jpg]
[cpimg.tistatic.com/05907719/s/4/Gravity-Louvers.jpg]
[cpimg.tistatic.com/05907721/s/4/Hot-Thermal-Insulation-Cladding.jpg]
[cpimg.tistatic.com/05907722/s/4/Industrial-Scrubber-Fume-System.jpg]
[cpimg.tistatic.com/05907723/s/4/Industrial-Round-Diffuser.jpg]
[cpimg.tistatic.com/05907724/s/4/TDF-Cleat.jpg]
[cpimg.tistatic.com/05907725/s/4/TDF-Corner.jpg]
[cpimg.tistatic.com/05907728/s/4/Air-Cooling-Washer.jpg]
[cpimg.tistatic.com/05907712/s/4/Kitchen-Exhaust-Hood.jpg]
[cpimg.tistatic.com/05907711/s/4/Galvanized-Kitchen-Exhaust-Hood.jpg]
[cpimg.tistatic.com/05907713/s/4/Commercial-Kitchen-Chimney.jpg]
[tiimg.tistatic.com/fm/8942952/01.jpg]
[tiimg.tistatic.com/fm/8942952/02.jpg]
[tiimg.tistatic.com/fm/8942952/03.jpg]
[tiimg.tistatic.com/fm/8942952/04.jpg]
[tiimg.tistatic.com/fm/8942952/05.jpg]
[tiimg.tistatic.com/fm/8942952/06.jpg]
[tiimg.tistatic.com/fm/8942952/07.jpg]
[tiimg.tistatic.com/fm/8942952/08.jpg]
[tiimg.tistatic.com/fm/8942952/09.jpg]
[tiimg.tistatic.com/fm/8942952/10.jpg]
[tiimg.tistatic.com/fm/8942952/11.jpg]
[tiimg.tistatic.com/fm/8942952/12.jpg]
[tiimg.tistatic.com/fm/8942952/13.jpg]
[tiimg.tistatic.com/fm/8942952/14.jpg]
[tiimg.tistatic.com/fm/8942952/15.jpg]
[tiimg.tistatic.com/fm/8942952/16.jpg]
[tiimg.tistatic.com/fm/8942952/17.jpg]
[tiimg.tistatic.com/fm/8942952/18.jpg]
[tiimg.tistatic.com/fm/8942952/19.jpg]
[tiimg.tistatic.com/fm/8942952/20.jpg]
[tiimg.tistatic.com/fm/8942952/21.jpg]
[tiimg.tistatic.com/fm/8942952/22.jpg]
[tiimg.tistatic.com/fm/8942952/23.jpg]
[tiimg.tistatic.com/fm/8942952/24.jpg]
[tiimg.tistatic.com/fm/8942952/25.jpg]
[tiimg.tistatic.com/fm/8942952/26.jpg]
[tiimg.tistatic.com/fm/8942952/27.jpg]
[tiimg.tistatic.com/fm/8942952/28.jpg]
[tiimg.tistatic.com/fm/8942952/29.jpg]
[tiimg.tistatic.com/fm/8942952/30.jpg]
[tiimg.tistatic.com/fm/8942952/31.jpg]
[tiimg.tistatic.com/fm/8942952/32.jpg]
[tiimg.tistatic.com/fm/8942952/33.jpg]
[tiimg.tistatic.com/fm/8942952/34.jpg]
[tiimg.tistatic.com/fm/8942952/35.jpg]
[tiimg.tistatic.com/fm/8942952/36.jpg]
[tiimg.tistatic.com/fm/8942952/37.jpg]
[tiimg.tistatic.com/fm/8942952/38.jpg]
[tiimg.tistatic.com/fm/8942952/39.jpg]
[tiimg.tistatic.com/fm/8942952/40.jpg]
[tiimg.tistatic.com/fm/8942952/41.jpg]
[tiimg.tistatic.com/fm/8942952/42.jpg]
[tiimg.tistatic.com/fm/8942952/43.jpg]
[tiimg.tistatic.com/fm/8942952/44.jpg]
[tiimg.tistatic.com/fm/8942952/45.jpg]
[tiimg.tistatic.com/fm/8942952/46.jpg]
[tiimg.tistatic.com/fm/8942952/47.jpg]
[tiimg.tistatic.com/fm/8942952/48.jpg]
[tiimg.tistatic.com/fm/8942952/49.jpg]
[tiimg.tistatic.com/fm/8942952/50.jpg]
[tiimg.tistatic.com/fm/8942952/51.jpg]
[tiimg.tistatic.com/fm/8942952/52.jpg]
[tiimg.tistatic.com/fm/8942952/53.jpg]
[tiimg.tistatic.com/fm/8942952/54.jpg]
[tiimg.tistatic.com/fm/8942952/55.jpg]
[tiimg.tistatic.com/fm/8942952/56.jpg]
[tiimg.tistatic.com/fm/8942952/57.jpg]
[tiimg.tistatic.com/fm/8942952/58.jpg]
[tiimg.tistatic.com/fm/8942952/59.jpg]
[tiimg.tistatic.com/fm/8942952/60.jpg]
[cpimg.tistatic.com/05907713/b/4/Commercial-Kitchen-Chimney.jpg]
[cpimg.tistatic.com/05907676/b/4/Industrial-Air-Blower.jpg]
[www.aircarecoolingandexhaust.com/contact-us7a08.html]
[cpimg.tistatic.com/05907675/b/4/Centrifugal-Air-Blower.jpg]
[www.aircarecoolingandexhaust.com/contact-usc502.html]
[cpimg.tistatic.com/05907683/b/4/Kitchen-Chimney-Exhaust-Duct.jpg]
[www.aircarecoolingandexhaust.com/contact-us1082.html]
[www.aircarecoolingandexhaust.com/contact-uscbe5.html]
[st.tistatic.com/ver9334/js/utils/tooltip/wz_tooltip.js]
[www.aircarecoolingandexhaust.com/sitemap.html]
[st.tistatic.com/ver9334/js/utils/tooltip/tip_balloon.js]
[tiimg.tistatic.com/new_website1/common/domestic-icon.gif]
[tiimg.tistatic.com/new_website1/general/trust_stamp/trust_stamp_logo_big.gif]
[tiimg.tistatic.com/catalogs/template99480/inq-icon.png]
[www.aircarecoolingandexhaust.com/utils/sms_now24c3.html]
[tiimg.tistatic.com/catalogs/template99480/sms-icon.png]
[tiimg.tistatic.com/new_website1/common/tradeindiamember.gif]
[st.tistatic.com/ver9334/js/tradeindia/design2017/intlTelInput.js]
[st.tistatic.com/ver9334/js/payments/jquery.validate.js]
[st.tistatic.com/ver9334/css/catalog/request_a_callback.css]
[tiimg.tistatic.com/new_website1/catalogs/common-icons/Arrow.png]
[www.aircarecoolingandexhaust.com/index.html]
[st.tistatic.com/ver9334/js/utils/jquery-ui/css/sunny/jquery_ui_sunny.css]
[www.aircarecoolingandexhaust.com/component/utils/attachment_popupa15f.html]
[tiimg.tistatic.com/new_website1/ti-design-2017/images/flags/flags.png]
[st.tistatic.com/ver9334/css/tradeindia/design2017/intlTelInput.css]
[st.tistatic.com/ver9334/bower_components/jquery-ui/themes/smoothness/images/ui-bg_highlight-soft_75_cccccc_1x100.png]
[st.tistatic.com/ver9334/bower_components/jquery-ui/themes/smoothness/images/ui-bg_glass_75_e6e6e6_1x400.png]
[st.tistatic.com/ver9334/bower_components/jquery-ui/themes/smoothness/images/ui-bg_glass_75_dadada_1x400.png]
[st.tistatic.com/ver9334/bower_components/jquery-ui/themes/smoothness/images/ui-bg_glass_65_ffffff_1x400.png]
[st.tistatic.com/ver9334/bower_components/jquery-ui/themes/smoothness/images/ui-bg_glass_55_fbf9ee_1x400.png]
[st.tistatic.com/ver9334/bower_components/jquery-ui/themes/smoothness/images/ui-bg_glass_95_fef1ec_1x400.png]
[st.tistatic.com/ver9334/bower_components/jquery-ui/themes/smoothness/images/ui-icons_222222_256x240.png]
[st.tistatic.com/ver9334/bower_components/jquery-ui/themes/smoothness/images/ui-icons_454545_256x240.png]
[st.tistatic.com/ver9334/bower_components/jquery-ui/themes/smoothness/images/ui-icons_2e83ff_256x240.png]
[st.tistatic.com/ver9334/bower_components/jquery-ui/themes/smoothness/images/ui-icons_cd0a0a_256x240.png]
[st.tistatic.com/ver9334/bower_components/jquery-ui/themes/smoothness/images/ui-icons_888888_256x240.png]
[st.tistatic.com/ver9334/bower_components/jquery-ui/themes/smoothness/jquery-ui.min.css]
[st.tistatic.com/ver9334/css/catalog/slick.css]
[www.phonon.in/C4C/closeButton1.html]
[www.aircarecoolingandexhaust.com/Trident/index.html]
[www.aircarecoolingandexhaust.com/company-profile.html]
[cpimg.tistatic.com/05907668/b/4/Aluminum-Powder-Coated-Air-Grill.jpg]
[cpimg.tistatic.com/05907680/b/4/Galvanized-Iron-Duct.jpg]
[cpimg.tistatic.com/05907718/b/4/Commercial-Kitchen-Chimney.jpg]
[cpimg.tistatic.com/05907719/b/4/Gravity-Louvers.jpg]
[cpimg.tistatic.com/05907721/b/4/Hot-Thermal-Insulation-Cladding.jpg]
[cpimg.tistatic.com/05907722/b/4/Industrial-Scrubber-Fume-System.jpg]
[cpimg.tistatic.com/05907723/b/4/Industrial-Round-Diffuser.jpg]
[cpimg.tistatic.com/05907724/b/4/TDF-Cleat.jpg]
[cpimg.tistatic.com/05907728/b/4/Air-Cooling-Washer.jpg]
[cpimg.tistatic.com/05907711/b/4/Galvanized-Kitchen-Exhaust-Hood.jpg]
[www.aircarecoolingandexhaust.com/products.html]
[st.tistatic.com/ver9334/js/inquiry-form.js]
[st.tistatic.com/ver9334/js/utils/jquery-plugins/jquery.cookie.js]
[thestagingurl.tradeindia.com/custom_headers/gallery/dist/simple-lightbox.js]
[st.tistatic.com/ver9334/css/contact_us_form.css]
[st.tistatic.com/ver9334/css/inquiry-form.css]
[st.tistatic.com/ver9334/css/catalog/theme1.css]
[st.tistatic.com/ver9334/css/catalog/jssocials.css]
[st.tistatic.com/ver9334/js/catalog/custom_function.js]
[st.tistatic.com/ver9334/js/catalog/jssocials.min.js]
[st.tistatic.com/ver9334/css/catalog/breadcrumb.css]
[www.aircarecoolingandexhaust.com/Exporters_Suppliers/Exporters/hp/scripts/send_inquiry_popupb456.html]
[st.tistatic.com/ver9334/css/catalog/fixed_send_inq.css]
[www.aircarecoolingandexhaust.com/aluminum-powder-coated-air-grill-5907668.html]
[www.aircarecoolingandexhaust.com/component/utils/attachment_popup3801.html]
[st.tistatic.com/ver9334/css/catalog/get-price.css]
[www.aircarecoolingandexhaust.com/axial-flow-fan-5907672.html]
[st.tistatic.com/ver9334/css/catalog_send_inquiry/inquiry_popup.css]
[st.tistatic.com/ver9334/css/catalog_category_page/full_list_view.css]
[www.aircarecoolingandexhaust.com/air-blower.html]
[st.tistatic.com/ver9334/js/catalog_send_inquiry/inquiry_popup.js]
[cpimg.tistatic.com/05907675/b/4/Centrifugal-Air-Blower35c1.jpg]
[www.aircarecoolingandexhaust.com/industrial-air-blower-5907676.html]
[cpimg.tistatic.com/05907676/b/4/Industrial-Air-Blower35c1.jpg]
[www.aircarecoolingandexhaust.com/centrifugal-air-blower-5907675.html]
[cpimg.tistatic.com/05907681/b/4/HVAC-Duct.jpg]
[cpimg.tistatic.com/05907687/b/4/Round-Duct.jpg]
[cpimg.tistatic.com/05907682/b/4/Heat-Exhaust-Duct.jpg]
[cpimg.tistatic.com/05907678/b/4/Commercial-GI-Duct.jpg]
[cpimg.tistatic.com/05907689/b/4/Steel-Air-Duct.jpg]
[cpimg.tistatic.com/05907679/b/4/Exhaust-Duct.jpg]
[cpimg.tistatic.com/05907685/b/4/MS-Air-Duct.jpg]
[cpimg.tistatic.com/05907686/b/4/Prefabricated-Duct.jpg]
[www.aircarecoolingandexhaust.com/industrial-ducts.html]
[cpimg.tistatic.com/05907681/b/4/HVAC-Duct35c1.jpg]
[cpimg.tistatic.com/05907684/b/4/Kitchen-Exhaust-Duct35c1.jpg]
[cpimg.tistatic.com/05907689/b/4/Steel-Air-Duct35c1.jpg]
[cpimg.tistatic.com/05907685/b/4/MS-Air-Duct35c1.jpg]
[www.aircarecoolingandexhaust.com/galvanized-iron-duct-5907680.html]
[cpimg.tistatic.com/05907679/b/4/Exhaust-Duct35c1.jpg]
[cpimg.tistatic.com/05907678/b/4/Commercial-GI-Duct35c1.jpg]
[www.aircarecoolingandexhaust.com/kitchen-chimney-exhaust-duct-5907683.html]
[cpimg.tistatic.com/05907686/b/4/Prefabricated-Duct35c1.jpg]
[cpimg.tistatic.com/05907688/b/4/Spiral-Duct35c1.jpg]
[www.aircarecoolingandexhaust.com/commercial-air-cooler-duct-5907677.html]
[cpimg.tistatic.com/05907683/b/4/Kitchen-Chimney-Exhaust-Duct35c1.jpg]
[www.aircarecoolingandexhaust.com/hvac-duct-5907681.html]
[www.aircarecoolingandexhaust.com/kitchen-exhaust-duct-5907684.html]
[www.aircarecoolingandexhaust.com/spiral-duct-5907688.html]
[www.aircarecoolingandexhaust.com/heat-exhaust-duct-5907682.html]
[www.aircarecoolingandexhaust.com/commercial-gi-duct-5907678.html]
[cpimg.tistatic.com/05907677/b/4/Commercial-Air-Cooler-Duct35c1.jpg]
[cpimg.tistatic.com/05907682/b/4/Heat-Exhaust-Duct35c1.jpg]
[www.aircarecoolingandexhaust.com/steel-air-duct-5907689.html]
[www.aircarecoolingandexhaust.com/exhaust-duct-5907679.html]
[www.aircarecoolingandexhaust.com/ms-air-duct-5907685.html]
[www.aircarecoolingandexhaust.com/prefabricated-duct-5907686.html]
[www.aircarecoolingandexhaust.com/round-duct-5907687.html]
[cpimg.tistatic.com/05907715/b/4/Kitchen-Exhaust-Hood.jpg]
[cpimg.tistatic.com/05907714/b/4/Galvanized-Kitchen-Exhaust-Hood.jpg]
[www.aircarecoolingandexhaust.com/air-ventilator.html]
[www.aircarecoolingandexhaust.com/galvanized-kitchen-exhaust-hood-5907714.html]
[www.aircarecoolingandexhaust.com/kitchen-exhaust-hood-5907715.html]
[www.aircarecoolingandexhaust.com/commercial-kitchen-chimney-5907718.html]
[www.aircarecoolingandexhaust.com/gravity-louvers-5907719.html]
[www.aircarecoolingandexhaust.com/hot-thermal-insulation-and-cladding-5907721.html]
[www.aircarecoolingandexhaust.com/industrial-scrubber-and-fume-system-5907722.html]
[www.aircarecoolingandexhaust.com/industrial-round-diffuser-5907723.html]
[cpimg.tistatic.com/05907725/b/4/TDF-Corner.jpg]
[www.aircarecoolingandexhaust.com/industrial-tdf.html]
[cpimg.tistatic.com/05907725/b/4/TDF-Corner35c1.jpg]
[www.aircarecoolingandexhaust.com/tdf-cleat-5907724.html]
[cpimg.tistatic.com/05907724/b/4/TDF-Cleat35c1.jpg]
[www.aircarecoolingandexhaust.com/tdf-corner-5907725.html]
[www.aircarecoolingandexhaust.com/air-cooling-washer-5907728.html]
[cpimg.tistatic.com/05907712/b/4/Kitchen-Exhaust-Hood.jpg]
[www.aircarecoolingandexhaust.com/kitchen-ventilation-system.html]
[cpimg.tistatic.com/05907712/b/4/Kitchen-Exhaust-Hood35c1.jpg]
[www.aircarecoolingandexhaust.com/galvanized-kitchen-exhaust-hood-5907711.html]
[cpimg.tistatic.com/05907711/b/4/Galvanized-Kitchen-Exhaust-Hood35c1.jpg]
[www.aircarecoolingandexhaust.com/kitchen-exhaust-hood-5907712.html]
[www.aircarecoolingandexhaust.com/commercial-kitchen-chimney-5907713.html]
[orig-img-gce.tradeindia.com/catalogs/template99480/send_email.gif]
[orig-img-gce.tradeindia.com/catalogs/template99480/cate-icon.png]
[orig-img-gce.tradeindia.com/catalogs/template99480/enquiry_bg_hover.jpg]
[orig-img-gce.tradeindia.com/catalogs/template99480/enquiry_bg.jpg]
[orig-img-gce.tradeindia.com/catalogs/template99480/lang-arrow.png]
[orig-img-gce.tradeindia.com/catalogs/template99480/bullet.png]
[orig-img-gce.tradeindia.com/catalogs/template99480/call_me.gif]
[orig-img-gce.tradeindia.com/catalogs/template99480/close_icon.png]
[orig-img-gce.tradeindia.com/catalogs/template99480/floating-bg.jpg]
[orig-st-gce.tradeindia.com/ver9334/js/utils/jquery.js]
[orig-st-gce.tradeindia.com/ver9334/js/mobile_site/search.js]
[orig-st-gce.tradeindia.com/ver9334/js/utils/jquery-ui/js/jquery_ui_main.js]
[orig-st-gce.tradeindia.com/ver9334/js/catalog/slick.min.js]
[orig-img-gce.tradeindia.com/catalogs/template99480/mob-icon.png]
[orig-img-gce.tradeindia.com/images/l/1/logo_112235.jpg]
[orig-img-gce.tradeindia.com/catalogs/template99480/go.png]
[orig-st-gce.tradeindia.com/ver9334/js/utils/tooltip/wz_tooltip.js]
[orig-st-gce.tradeindia.com/ver9334/js/utils/tooltip/tip_balloon.js]
[orig-st-gce.tradeindia.com/ver9334/js/utils/jquery-plugins/jquery.cookie.js]
[orig-st-gce.tradeindia.com/ver9334/js/payments/jquery.validate.js]
[orig-st-gce.tradeindia.com/ver9334/js/tradeindia/design2017/intlTelInput.js]
[orig-st-gce.tradeindia.com/ver9334/js/inquiry-form.js]
[orig-img-gce.tradeindia.com/new_website1/common/domestic-icon.gif]
[orig-img-gce.tradeindia.com/new_website1/general/trust_stamp/trust_stamp_logo_big.gif]
[orig-img-gce.tradeindia.com/catalogs/template99480/inq-icon.png]
[orig-img-gce.tradeindia.com/catalogs/template99480/sms-icon.png]
[orig-img-gce.tradeindia.com/new_website1/common/tradeindiamember.gif]
[orig-img-gce.tradeindia.com/new_website1/catalogs/common-icons/Arrow.png]
[www.aircarecoolingandexhaust.com/contact-us.html]
[cpimg.tistatic.com/112235/4/template_photo_14.html]
[cpimg.tistatic.com/112235/4/template_photo_15.html]
[opimg-gce.tradeindia.com/05907672/s/4/Axial-Flow-Fan.jpg]
[www.aircarecoolingandexhaust.com/contact-uscbef.html]
[opimg-gce.tradeindia.com/05907688/s/4/Spiral-Duct.jpg]
[www.aircarecoolingandexhaust.com/contact-us2c03.html]
[opimg-gce.tradeindia.com/05907677/s/4/Commercial-Air-Cooler-Duct.jpg]
[www.aircarecoolingandexhaust.com/contact-us2e73.html]
[opimg-gce.tradeindia.com/05907684/s/4/Kitchen-Exhaust-Duct.jpg]
[www.aircarecoolingandexhaust.com/contact-us34c4.html]
[opimg-gce.tradeindia.com/05907713/s/4/Commercial-Kitchen-Chimney.jpg]
[www.aircarecoolingandexhaust.com/contact-us7a08.html]
[opimg-gce.tradeindia.com/05907676/s/4/Industrial-Air-Blower.jpg]
[www.aircarecoolingandexhaust.com/contact-usc502.html]
[opimg-gce.tradeindia.com/05907675/s/4/Centrifugal-Air-Blower.jpg]
[www.aircarecoolingandexhaust.com/contact-us1082.html]
[opimg-gce.tradeindia.com/05907683/s/4/Kitchen-Chimney-Exhaust-Duct.jpg]
[www.aircarecoolingandexhaust.com/contact-uscbe5.html]
[www.aircarecoolingandexhaust.com/sitemap.html]
[st.tistatic.com/ver9334/css/catalog/sitemap.css]
[st.tistatic.com/ver9334/combine_css_js74fa.css]
[st.tistatic.com/ver9334/js/c2c/CallmePopup.js]
[st.tistatic.com/ver9334/combine_css_jsc64b.css]
[st.tistatic.com/ver9334/combine_css_js6da1.php]
[st.tistatic.com/ver9334/combine_css_jscc4f.css]
[st.tistatic.com/ver9334/combine_css_js56b2.php]
[st.tistatic.com/ver9334/js/utils/jquery-ui/images/pbar-ani.gif]
[tiimg.tistatic.com/new_website1/common/send-sms.jpg]
[st.tistatic.com/ver9334/combine_css_js3fe6.php]
[www.googleadservices.com/pagead/f.txt]
[www.aircarecoolingandexhaust.com/utils/sms_now24c3.html]
[tiimg.tistatic.com/new_website1/ti-design/images/down-arrow-icon.png]
[st.tistatic.com/ver9334/css/catalog/request_a_callback.css]
[img.tradeindia.com/new_website1/general/closebutton.gif]
[www.aircarecoolingandexhaust.com/component/utils/attachment_popupa15f.html]
[tiimg.tistatic.com/new_website1/common/send-inq.jpg]
[st.tistatic.com/ver9334/css/contact_us_form.css]
[img.tradeindia.com/new_website1/ti-design-2017/images/down-arrow.png]
[st.tistatic.com/ver9334/css/inquiry-form.css]
[tiimg.tistatic.com/new_website1/showroom-page/left-arrow.png]
[st.tistatic.com/ver9334/css/catalog/theme1.css]
[st.tistatic.com/ver9334/css/catalog/jssocials.css]
[st.tistatic.com/ver9334/css/catalog/breadcrumb.css]
[st.tistatic.com/ver9334/css/inquiry-form-popup.css]
[st.tistatic.com/ver9334/js/catalog/send_inquiry.js]
[www.aircarecoolingandexhaust.com/Exporters_Suppliers/Exporters/hp/scripts/send_inquiry_popupb456.html]
[st.tistatic.com/ver9334/css/catalog/fixed_send_inq.css]
[www.aircarecoolingandexhaust.com/component/utils/attachment_popup3801.html]
[st.tistatic.com/ver9334/css/catalog/get-price.css]
[st.tistatic.com/ver9334/css/catalog_send_inquiry/inquiry_popup.css]
[st.tistatic.com/ver9334/css/catalog_category_page/full_list_view.css]
[orig-st-gce.tradeindia.com/ver9334/js/utils/jquery-ui/css/sunny/jquery_ui_sunny.css]
[st.tistatic.com/ver9334/js/tradeindia/design2017/seller-profile/jquery-ui-min.js]
[tiimg.tistatic.com/new_website1/ti-design-2017/images/flags/flags@2x.png]
[orig-st-gce.tradeindia.com/ver9334/css/tradeindia/design2017/intlTelInput.css]
[orig-st-gce.tradeindia.com/ver9334/bower_components/jquery-ui/themes/smoothness/images/ui-bg_highlight-soft_75_cccccc_1x100.png]
[orig-st-gce.tradeindia.com/ver9334/bower_components/jquery-ui/themes/smoothness/images/ui-bg_glass_75_e6e6e6_1x400.png]
[orig-st-gce.tradeindia.com/ver9334/bower_components/jquery-ui/themes/smoothness/images/ui-bg_glass_75_dadada_1x400.png]
[orig-st-gce.tradeindia.com/ver9334/bower_components/jquery-ui/themes/smoothness/images/ui-bg_glass_65_ffffff_1x400.png]
[orig-st-gce.tradeindia.com/ver9334/bower_components/jquery-ui/themes/smoothness/images/ui-bg_glass_55_fbf9ee_1x400.png]
[orig-st-gce.tradeindia.com/ver9334/bower_components/jquery-ui/themes/smoothness/images/ui-bg_glass_95_fef1ec_1x400.png]
[orig-st-gce.tradeindia.com/ver9334/bower_components/jquery-ui/themes/smoothness/images/ui-icons_222222_256x240.png]
[orig-st-gce.tradeindia.com/ver9334/bower_components/jquery-ui/themes/smoothness/images/ui-icons_454545_256x240.png]
[orig-st-gce.tradeindia.com/ver9334/bower_components/jquery-ui/themes/smoothness/images/ui-icons_2e83ff_256x240.png]
[orig-st-gce.tradeindia.com/ver9334/bower_components/jquery-ui/themes/smoothness/images/ui-icons_cd0a0a_256x240.png]
[orig-st-gce.tradeindia.com/ver9334/bower_components/jquery-ui/themes/smoothness/images/ui-icons_888888_256x240.png]
[orig-st-gce.tradeindia.com/ver9334/bower_components/jquery-ui/themes/smoothness/jquery-ui.min.css]
[orig-st-gce.tradeindia.com/ver9334/css/catalog/slick.css]
[orig-st-gce.tradeindia.com/ver9334/css/inquiry-form.css]
[orig-st-gce.tradeindia.com/ver9334/css/contact_us_form.css]
[orig-st-gce.tradeindia.com/ver9334/css/catalog/request_a_callback.css]
[st.tistatic.com/ver9334/css/catalog/sitemap.css]
[st.tistatic.com/ver9334/chromebg.gif]
[st.tistatic.com/ver9334/chromebg-over.gif]
[tiimg.tistatic.com/new_website1/ti-new-design-ver3/send-sms-icon.png]
[tiimg.tistatic.com/new_website1/ti-new-design-ver3/template-sprite-v1.png]
[st.tistatic.com/ver9334/ie-css3.htc]
[tiimg.tistatic.com/new_website1/ti-new-design-ver3/list-arrow.png]
[tiimg.tistatic.com/new_website1/ti-new-design-ver3/buyer-section-icon.png]
[tiimg.tistatic.com/new_website1/ti-new-design-ver3/search-icon.png]
[tiimg.tistatic.com/new_website1/common/form_input.gif]
[tiimg.tistatic.com/new_website1/common/tips-arow.png]
[tiimg.tistatic.com/new_website1/ti-homepage-ver4/header-images/mobile-app-icon.png]
[tiimg.tistatic.com/new_website1/ti-new-design-ver3/footer-base-line.jpg]
[st.tistatic.com/ver9334/combine_css_js74fa.css]
[tiimg.tistatic.com/tradeindia.com/2008/images/c.gif]
[tiimg.tistatic.com/tradeindia.com/2008/images/b.gif]
[st.tistatic.com/ver9334/combine_css_jsc64b.css]
[tiimg.tistatic.com/new_website1/ti-homepage-ver4/flags16.png]
[st.tistatic.com/ver9334/combine_css_jscc4f.css]
[st.tistatic.com/ver9334/css/inquiry-form-popup.css]
[st.tistatic.com/ver9334/chromebg.html]
[st.tistatic.com/ver9334/chromebg-over.html]
[st.tistatic.com/ver9334/ie-css3.html]
